<?xml version="1.0" encoding="utf-8"?><testsuites name="pytest tests"><testsuite name="pytest" errors="0" failures="0" skipped="0" tests="5" time="0.559" timestamp="2025-10-05T00:01:26.672237+02:00" hostname="nico-E15302"><testcase classname="tests.projects.cdc_warehouse.test_upsert_idempotent" name="test_upsert_is_idempotent" time="0.005" /><testcase classname="tests.projects.data_quality_lineage.test_expectations" name="test_not_null_and_ranges" time="0.027" /><testcase classname="tests.projects.mini_warehouse.test_dim_fact_integrity" name="test_fact_refs_dim_keys" time="0.029" /><testcase classname="tests.projects.mini_warehouse.test_dim_fact_integrity" name="test_scd2_only_one_current_row" time="0.024" /><testcase classname="tests.projects.performance_governance.test_benchmark" name="test_optimized_equals_naive" time="0.030" /></testsuite></testsuites>